[3.853s] Invoking command in '/home/yamashita/ros2_ws/build/person_msgs': /usr/bin/cmake /home/yamashita/ros2_ws/src/person_msgs -DCMAKE_INSTALL_PREFIX=/home/yamashita/ros2_ws/install/person_msgs
[3.949s] -- Found ament_cmake: 1.3.6 (/opt/ros/humble/share/ament_cmake/cmake)
[5.384s] -- Found rosidl_default_generators: 1.2.0 (/opt/ros/humble/share/rosidl_default_generators/cmake)
[5.400s] -- Using all available rosidl_typesupport_c: rosidl_typesupport_fastrtps_c;rosidl_typesupport_introspection_c
[5.427s] -- Found rosidl_adapter: 3.1.5 (/opt/ros/humble/share/rosidl_adapter/cmake)
[5.792s] -- Using all available rosidl_typesupport_cpp: rosidl_typesupport_fastrtps_cpp;rosidl_typesupport_introspection_cpp
[7.697s] Error parsing '/home/yamashita/ros2_ws/src/person_msgs/package.xml':
[8.100s] Traceback (most recent call last):
[8.101s]   File "/usr/lib/python3/dist-packages/catkin_pkg/package.py", line 610, in parse_package_string
[8.103s]     root = dom.parseString(data)
[8.106s]   File "/usr/lib/python3.10/xml/dom/minidom.py", line 2000, in parseString
[8.110s]     return expatbuilder.parseString(string)
[8.111s]   File "/usr/lib/python3.10/xml/dom/expatbuilder.py", line 925, in parseString
[8.112s]     return builder.parseString(string)
[8.113s]   File "/usr/lib/python3.10/xml/dom/expatbuilder.py", line 223, in parseString
[8.114s]     parser.Parse(string, True)
[8.116s] xml.parsers.expat.ExpatError: mismatched tag: line 22, column 2
[8.117s] 
[8.118s] During handling of the above exception, another exception occurred:
[8.120s] 
[8.121s] Traceback (most recent call last):
[8.122s]   File "/opt/ros/humble/share/ament_cmake_core/cmake/core/package_xml_2_cmake.py", line 150, in <module>
[8.123s]     main()
[8.124s]   File "/opt/ros/humble/share/ament_cmake_core/cmake/core/package_xml_2_cmake.py", line 53, in main
[8.125s]     raise e
[8.127s]   File "/opt/ros/humble/share/ament_cmake_core/cmake/core/package_xml_2_cmake.py", line 49, in main
[8.128s]     package = parse_package_string(
[8.129s]   File "/usr/lib/python3/dist-packages/catkin_pkg/package.py", line 612, in parse_package_string
[8.130s]     raise InvalidPackage('The manifest contains invalid XML:\n%s' % ex, filename)
[8.132s] catkin_pkg.package.InvalidPackage: Error(s) in package '/home/yamashita/ros2_ws/src/person_msgs/package.xml':
[8.133s] The manifest contains invalid XML:
[8.134s] mismatched tag: line 22, column 2
[8.294s] [31mCMake Error at /opt/ros/humble/share/ament_cmake_core/cmake/core/ament_package_xml.cmake:95 (message):
[8.296s]   execute_process(/usr/bin/python3.10
[8.297s]   /opt/ros/humble/share/ament_cmake_core/cmake/core/package_xml_2_cmake.py
[8.298s]   /home/yamashita/ros2_ws/src/person_msgs/package.xml
[8.299s]   /home/yamashita/ros2_ws/build/person_msgs/ament_cmake_core/package.cmake)
[8.300s]   returned error code 1
[8.301s] Call Stack (most recent call first):
[8.302s]   /opt/ros/humble/share/ament_cmake_core/cmake/core/ament_package_xml.cmake:49 (_ament_package_xml)
[8.303s]   /opt/ros/humble/share/rosidl_cmake/cmake/rosidl_generate_interfaces.cmake:226 (ament_package_xml)
[8.304s]   CMakeLists.txt:13 (rosidl_generate_interfaces)
[8.305s] 
[8.306s] [0m
[8.307s] -- Configuring incomplete, errors occurred!
[8.309s] See also "/home/yamashita/ros2_ws/build/person_msgs/CMakeFiles/CMakeOutput.log".
[8.329s] Invoked command in '/home/yamashita/ros2_ws/build/person_msgs' returned '1': /usr/bin/cmake /home/yamashita/ros2_ws/src/person_msgs -DCMAKE_INSTALL_PREFIX=/home/yamashita/ros2_ws/install/person_msgs
